python : Creating test database for alias 'default'...
At line:1 char:1
+ python manage.py test transactions.tests.test_purchase_list_design >  ...
+ ~~~~~~~~~~~~~~~~~~~~~~~~~~~~~~~~~~~~~~~~~~~~~~~~~~~~~~~~~~~~~~~~~~~~~
    + CategoryInfo          : NotSpecified: (Creating test d...as 'default'...:String) [], RemoteException
    + FullyQualifiedErrorId : NativeCommandError
 

Found 1 test(s).
System check identified some issues:

WARNINGS:
inventory.Batch: (models.W042) Auto-created primary key used when not defining a primary key type, by default 
'django.db.models.AutoField'.
	HINT: Configure the DEFAULT_AUTO_FIELD setting or the InventoryConfig.default_auto_field attribute to point to a 
subclass of AutoField, e.g. 'django.db.models.BigAutoField'.
master_data.Category: (models.W042) Auto-created primary key used when not defining a primary key type, by default 
'django.db.models.AutoField'.
	HINT: Configure the DEFAULT_AUTO_FIELD setting or the MasterDataConfig.default_auto_field attribute to point to a 
subclass of AutoField, e.g. 'django.db.models.BigAutoField'.
master_data.Customer: (models.W042) Auto-created primary key used when not defining a primary key type, by default 
'django.db.models.AutoField'.
	HINT: Configure the DEFAULT_AUTO_FIELD setting or the MasterDataConfig.default_auto_field attribute to point to a 
subclass of AutoField, e.g. 'django.db.models.BigAutoField'.
master_data.Manufacturer: (models.W042) Auto-created primary key used when not defining a primary key type, by default 
'django.db.models.AutoField'.
	HINT: Configure the DEFAULT_AUTO_FIELD setting or the MasterDataConfig.default_auto_field attribute to point to a 
subclass of AutoField, e.g. 'django.db.models.BigAutoField'.
master_data.Product: (models.W042) Auto-created primary key used when not defining a primary key type, by default 
'django.db.models.AutoField'.
	HINT: Configure the DEFAULT_AUTO_FIELD setting or the MasterDataConfig.default_auto_field attribute to point to a 
subclass of AutoField, e.g. 'django.db.models.BigAutoField'.
master_data.Supplier: (models.W042) Auto-created primary key used when not defining a primary key type, by default 
'django.db.models.AutoField'.
	HINT: Configure the DEFAULT_AUTO_FIELD setting or the MasterDataConfig.default_auto_field attribute to point to a 
subclass of AutoField, e.g. 'django.db.models.BigAutoField'.
transactions.PurchaseInvoice: (models.W042) Auto-created primary key used when not defining a primary key type, by 
default 'django.db.models.AutoField'.
	HINT: Configure the DEFAULT_AUTO_FIELD setting or the TransactionsConfig.default_auto_field attribute to point to a 
subclass of AutoField, e.g. 'django.db.models.BigAutoField'.
transactions.PurchaseItem: (models.W042) Auto-created primary key used when not defining a primary key type, by 
default 'django.db.models.AutoField'.
	HINT: Configure the DEFAULT_AUTO_FIELD setting or the TransactionsConfig.default_auto_field attribute to point to a 
subclass of AutoField, e.g. 'django.db.models.BigAutoField'.
transactions.PurchaseReturn: (models.W042) Auto-created primary key used when not defining a primary key type, by 
default 'django.db.models.AutoField'.
	HINT: Configure the DEFAULT_AUTO_FIELD setting or the TransactionsConfig.default_auto_field attribute to point to a 
subclass of AutoField, e.g. 'django.db.models.BigAutoField'.
transactions.PurchaseReturnItem: (models.W042) Auto-created primary key used when not defining a primary key type, by 
default 'django.db.models.AutoField'.
	HINT: Configure the DEFAULT_AUTO_FIELD setting or the TransactionsConfig.default_auto_field attribute to point to a 
subclass of AutoField, e.g. 'django.db.models.BigAutoField'.
transactions.SalesInvoice: (models.W042) Auto-created primary key used when not defining a primary key type, by 
default 'django.db.models.AutoField'.
	HINT: Configure the DEFAULT_AUTO_FIELD setting or the TransactionsConfig.default_auto_field attribute to point to a 
subclass of AutoField, e.g. 'django.db.models.BigAutoField'.
transactions.SalesItem: (models.W042) Auto-created primary key used when not defining a primary key type, by default 
'django.db.models.AutoField'.
	HINT: Configure the DEFAULT_AUTO_FIELD setting or the TransactionsConfig.default_auto_field attribute to point to a 
subclass of AutoField, e.g. 'django.db.models.BigAutoField'.
transactions.SalesReturn: (models.W042) Auto-created primary key used when not defining a primary key type, by default 
'django.db.models.AutoField'.
	HINT: Configure the DEFAULT_AUTO_FIELD setting or the TransactionsConfig.default_auto_field attribute to point to a 
subclass of AutoField, e.g. 'django.db.models.BigAutoField'.
transactions.SalesReturnItem: (models.W042) Auto-created primary key used when not defining a primary key type, by 
default 'django.db.models.AutoField'.
	HINT: Configure the DEFAULT_AUTO_FIELD setting or the TransactionsConfig.default_auto_field attribute to point to a 
subclass of AutoField, e.g. 'django.db.models.BigAutoField'.
transactions.SupplierPayment: (models.W042) Auto-created primary key used when not defining a primary key type, by 
default 'django.db.models.AutoField'.
	HINT: Configure the DEFAULT_AUTO_FIELD setting or the TransactionsConfig.default_auto_field attribute to point to a 
subclass of AutoField, e.g. 'django.db.models.BigAutoField'.

System check identified 15 issues (0 silenced).
F
======================================================================
FAIL: test_redesign_context_and_layout 
(transactions.tests.test_purchase_list_design.PurchaseListDesignTest.test_redesign_context_and_layout)
----------------------------------------------------------------------
Traceback (most recent call last):
  File "C:\agri_crm\transactions\tests\test_purchase_list_design.py", line 48, in test_redesign_context_and_layout
    self.assertIn('Total Purchases (This Month)', content)
AssertionError: 'Total Purchases (This Month)' not found in '<!DOCTYPE html>\n<html lang="en">\n\n<head>\n    <meta 
charset="UTF-8">\n    <meta name="viewport" content="width=device-width, initial-scale=1.0">\n    <title>Agri 
CRM</title>\n    <script src="https://cdn.tailwindcss.com"></script>\n    <script 
src="https://unpkg.com/htmx.org@1.9.10"></script>\n    <script defer 
src="https://cdn.jsdelivr.net/npm/alpinejs@3.x.x/dist/cdn.min.js"></script>\n    <style>\n        @import 
url(\'https://fonts.googleapis.com/css2?family=Inter:wght@400;500;600;700;800&display=swap\');\n\n        body {\n     
       font-family: \'Inter\', system-ui, sans-serif;\n        }\n\n        [x-cloak] {\n            display: none 
!important;\n        }\n    </style>\n</head>\n\n<body class="bg-[#F8F9FA] font-sans text-gray-900 antialiased 
selection:bg-gray-900 selection:text-white">\n\n    <!-- Fixed Sidebar -->\n    <aside\n        class="fixed inset-y-0 
left-0 w-64 bg-white border-r border-gray-100 z-50 flex flex-col transition-transform duration-300 lg:translate-x-0"\n 
       x-data="{ currentPath: window.location.pathname }">\n\n        <!-- Logo -->\n        <div class="h-20 flex 
items-center px-6 border-b border-gray-50/50">\n            <div class="flex items-center gap-3">\n                
<div\n                    class="w-10 h-10 rounded-xl bg-gradient-to-br from-gray-900 to-gray-700 flex items-center 
justify-center shadow-lg shadow-gray-200">\n                    <span class="text-white font-bold text-lg">A</span>\n  
              </div>\n                <span class="font-bold text-lg tracking-tight text-gray-900">Agri CRM</span>\n   
         </div>\n        </div>\n\n        <!-- Navigation -->\n        <nav class="flex-1 px-3 py-6 space-y-1 
overflow-y-auto">\n\n            <!-- Dashboard -->\n            <a href="/"\n                :class="currentPath === 
\'/\' ? \'bg-gray-900 text-white shadow-lg shadow-gray-900/10\' : \'text-gray-500 hover:bg-gray-50 
hover:text-gray-900\'"\n                class="flex items-center gap-3 px-4 py-3 rounded-xl transition-all 
duration-200 group">\n                <svg class="w-5 h-5 transition-colors"\n                    :class="currentPath 
=== \'/\' ? \'text-white\' : \'text-gray-400 group-hover:text-gray-600\'" fill="none"\n                    viewBox="0 
0 24 24" stroke="currentColor" stroke-width="2">\n                    <rect x="3" y="3" width="7" height="7"></rect>\n 
                   <rect x="14" y="3" width="7" height="7"></rect>\n                    <rect x="14" y="14" width="7" 
height="7"></rect>\n                    <rect x="3" y="14" width="7" height="7"></rect>\n                </svg>\n      
          <span class="font-medium text-[15px]">Dashboard</span>\n            </a>\n\n            <!-- Inventory -->\n 
           <a href="/inventory/"\n                :class="currentPath.includes(\'/inventory\') ? \'bg-gray-900 
text-white shadow-lg shadow-gray-900/10\' : \'text-gray-500 hover:bg-gray-50 hover:text-gray-900\'"\n                
class="flex items-center gap-3 px-4 py-3 rounded-xl transition-all duration-200 group">\n                <svg 
class="w-5 h-5 transition-colors"\n                    :class="currentPath.includes(\'/inventory\') ? \'text-white\' : 
\'text-gray-400 group-hover:text-gray-600\'"\n                    fill="none" viewBox="0 0 24 24" 
stroke="currentColor" stroke-width="2">\n                    <path\n                        d="M21 16V8a2 2 0 0 
0-1-1.73l-7-4a2 2 0 0 0-2 0l-7 4A2 2 0 0 0 3 8v8a2 2 0 0 0 1 1.73l7 4a2 2 0 0 0 2 0l7-4A2 2 0 0 0 21 16z">\n           
         </path>\n                    <polyline points="3.27 6.96 12 12.01 20.73 6.96"></polyline>\n                   
 <line x1="12" y1="22.08" x2="12" y2="12"></line>\n                </svg>\n                <span class="font-medium 
text-[15px]">Inventory</span>\n            </a>\n\n            <!-- Purchase -->\n            <a href="/purchases/"\n  
              :class="currentPath.includes(\'/purchases\') ? \'bg-gray-900 text-white shadow-lg shadow-gray-900/10\' : 
\'text-gray-500 hover:bg-gray-50 hover:text-gray-900\'"\n                class="flex items-center gap-3 px-4 py-3 
rounded-xl transition-all duration-200 group">\n                <svg class="w-5 h-5 transition-colors"\n               
     :class="currentPath.includes(\'/purchases\') ? \'text-white\' : \'text-gray-400 group-hover:text-gray-600\'"\n    
                fill="none" viewBox="0 0 24 24" stroke="currentColor" stroke-width="2">\n                    <path 
d="M6 2L3 6v14a2 2 0 0 0 2 2h14a2 2 0 0 0 2-2V6l-3-4z"></path>\n                    <line x1="3" y1="6" x2="21" 
y2="6"></line>\n                    <path d="M16 10a4 4 0 0 1-8 0"></path>\n                </svg>\n                
<span class="font-medium text-[15px]">Purchase</span>\n            </a>\n\n            <!-- Sales -->\n            <a 
href="/sales/"\n                :class="currentPath.includes(\'/sales\') ? \'bg-gray-900 text-white shadow-lg 
shadow-gray-900/10\' : \'text-gray-500 hover:bg-gray-50 hover:text-gray-900\'"\n                class="flex 
items-center gap-3 px-4 py-3 rounded-xl transition-all duration-200 group">\n                <svg class="w-5 h-5 
transition-colors"\n                    :class="currentPath.includes(\'/sales\') ? \'text-white\' : \'text-gray-400 
group-hover:text-gray-600\'"\n                    fill="none" viewBox="0 0 24 24" stroke="currentColor" 
stroke-width="2">\n                    <circle cx="9" cy="21" r="1"></circle>\n                    <circle cx="20" 
cy="21" r="1"></circle>\n                    <path d="M1 1h4l2.68 13.39a2 2 0 0 0 2 1.61h9.72a2 2 0 0 0 2-1.61L23 
6H6"></path>\n                </svg>\n                <span class="font-medium text-[15px]">Sales</span>\n            
</a>\n\n            <!-- Returns -->\n            <a href="/returns/"\n                
:class="currentPath.includes(\'/returns\') ? \'bg-gray-900 text-white shadow-lg shadow-gray-900/10\' : \'text-gray-500 
hover:bg-gray-50 hover:text-gray-900\'"\n                class="flex items-center gap-3 px-4 py-3 rounded-xl 
transition-all duration-200 group">\n                <svg class="w-5 h-5 transition-colors"\n                    
:class="currentPath.includes(\'/returns\') ? \'text-white\' : \'text-gray-400 group-hover:text-gray-600\'"\n           
         fill="none" viewBox="0 0 24 24" stroke="currentColor" stroke-width="2">\n                    <polyline 
points="15 14 20 9 15 4"></polyline>\n                    <path d="M4 20v-7a4 4 0 0 1 4-4h12"></path>\n                
</svg>\n                <span class="font-medium text-[15px]">Returns</span>\n            </a>\n\n            <!-- 
Masters Group -->\n            <div class="pt-8 pb-3 px-4">\n                <p class="text-xs font-semibold 
text-gray-400 uppercase tracking-wider">Masters</p>\n            </div>\n\n            <a href="/masters/customers/"\n 
               :class="currentPath.includes(\'/customers\') ? \'bg-gray-900 text-white shadow-lg shadow-gray-900/10\' 
: \'text-gray-500 hover:bg-gray-50 hover:text-gray-900\'"\n                class="flex items-center gap-3 px-4 py-3 
rounded-xl transition-all duration-200 group">\n                <svg class="w-5 h-5 transition-colors"\n               
     :class="currentPath.includes(\'/customers\') ? \'text-white\' : \'text-gray-400 group-hover:text-gray-600\'"\n    
                fill="none" viewBox="0 0 24 24" stroke="currentColor" stroke-width="2">\n                    <path 
d="M17 21v-2a4 4 0 0 0-4-4H5a4 4 0 0 0-4 4v2"></path>\n                    <circle cx="9" cy="7" r="4"></circle>\n     
               <path d="M23 21v-2a4 4 0 0 0-3-3.87"></path>\n                    <path d="M16 3.13a4 4 0 0 1 0 
7.75"></path>\n                </svg>\n                <span class="font-medium text-[15px]">Customers</span>\n        
    </a>\n\n            <a href="/masters/suppliers/"\n                :class="currentPath.includes(\'/suppliers\') ? 
\'bg-gray-900 text-white shadow-lg shadow-gray-900/10\' : \'text-gray-500 hover:bg-gray-50 hover:text-gray-900\'"\n    
            class="flex items-center gap-3 px-4 py-3 rounded-xl transition-all duration-200 group">\n                
<svg class="w-5 h-5 transition-colors"\n                    :class="currentPath.includes(\'/suppliers\') ? 
\'text-white\' : \'text-gray-400 group-hover:text-gray-600\'"\n                    fill="none" viewBox="0 0 24 24" 
stroke="currentColor" stroke-width="2">\n                    <path d="M3 21h18"></path>\n                    <path 
d="M5 21V7a8 8 0 0 1 2-2h10a8 8 0 0 1 2 2v14"></path>\n                    <path d="M9 10a2 2 0 1 1-4 0"></path>\n     
           </svg>\n                <span class="font-medium text-[15px]">Suppliers</span>\n            </a>\n\n        
    <a href="/masters/products/"\n                :class="currentPath.includes(\'/products\') ? \'bg-gray-900 
text-white shadow-lg shadow-gray-900/10\' : \'text-gray-500 hover:bg-gray-50 hover:text-gray-900\'"\n                
class="flex items-center gap-3 px-4 py-3 rounded-xl transition-all duration-200 group">\n                <svg 
class="w-5 h-5 transition-colors"\n                    :class="currentPath.includes(\'/products\') ? \'text-white\' : 
\'text-gray-400 group-hover:text-gray-600\'"\n                    fill="none" viewBox="0 0 24 24" 
stroke="currentColor" stroke-width="2">\n                    <path d="M20.59 13.41l-7.17 7.17a2 2 0 0 1-2.83 0L2 
12V2h10l8.59 8.59a2 2 0 0 1 0 2.82z"></path>\n                    <line x1="7" y1="7" x2="7.01" y2="7"></line>\n       
         </svg>\n                <span class="font-medium text-[15px]">Products</span>\n            </a>\n\n        
</nav>\n\n        <!-- Footer Profile -->\n        <div class="p-4 border-t border-gray-100">\n            <div 
class="flex items-center gap-3 p-2 bg-gray-50 rounded-xl">\n                <div\n                    class="w-8 h-8 
rounded-full bg-gray-200 flex items-center justify-center text-xs font-bold text-gray-500">\n                    
AD</div>\n                <div class="flex-1 min-w-0">\n                    <p class="text-sm font-medium 
text-gray-900 truncate">Admin</p>\n                    <p class="text-xs text-gray-400 truncate">Store Manager</p>\n   
             </div>\n            </div>\n        </div>\n    </aside>\n\n    <!-- Main Content Wrapper -->\n    <main 
class="lg:ml-64 flex flex-col min-h-screen">\n        \n<div class="flex flex-col xl:flex-row min-h-screen">\n\n    
<!-- CENTER: Main Content Area -->\n    <main class="flex-1 min-w-0 p-6 md:p-10 lg:p-12 pb-32 xl:pb-12 
animate-fade-in">\n        <div class="max-w-5xl mx-auto space-y-10">\n\n            <!-- Header Area -->\n            
<header class="flex flex-col gap-2">\n                <div class="flex items-center gap-2 text-gray-400 text-sm 
font-bold uppercase tracking-wider">\n                    <span class="bg-blue-50 text-blue-600 px-2 py-1 rounded 
text-xs">Purchase</span>\n                </div>\n\n                <div class="flex flex-col md:flex-row 
justify-between items-start md:items-end gap-4">\n                    <h1 class="text-4xl md:text-5xl font-bold 
text-gray-900 tracking-tight">\n                        Purchase Ledger\n                    </h1>\n\n                 
   <!-- Header Actions -->\n                    <div class="flex gap-3 w-full md:w-auto">\n                        
<div class="relative flex-1 md:w-64 group">\n                            <!-- Search Icon (Lucide Search) -->\n        
                    <svg class="absolute left-4 top-1/2 -translate-y-1/2 text-gray-400 
group-focus-within:text-blue-500 transition-colors w-5 h-5"\n                                
xmlns="http://www.w3.org/2000/svg" width="24" height="24" viewBox="0 0 24 24"\n                                
fill="none" stroke="currentColor" stroke-width="2" stroke-linecap="round"\n                                
stroke-linejoin="round">\n                                <circle cx="11" cy="11" r="8" />\n                           
     <path d="m21 21-4.3-4.3" />\n                            </svg>\n\n                            <form method="get" 
action="/purchases/" class="w-full">\n                                <input type="text" name="q" value=""\n           
                         class="w-full bg-white border-2 border-gray-100 focus:border-blue-500/20 rounded-xl py-3 
pl-12 pr-4 font-medium text-gray-900 outline-none transition-all placeholder-gray-400"\n                               
     placeholder="Search invoice or supplier..." />\n                            </form>\n                        
</div>\n                        <a href="/purchases/new/"\n                            class="bg-gray-900 
hover:bg-black text-white px-6 py-3 rounded-xl font-bold shadow-lg shadow-gray-900/20 active:scale-95 transition-all 
flex items-center gap-2 whitespace-nowrap">\n                            <!-- Plus Icon -->\n                          
  <svg class="w-5 h-5" xmlns="http://www.w3.org/2000/svg" width="24" height="24"\n                                
viewBox="0 0 24 24" fill="none" stroke="currentColor" stroke-width="2"\n                                
stroke-linecap="round" stroke-linejoin="round">\n                                <path d="M5 12h14" />\n               
                 <path d="M12 5v14" />\n                            </svg>\n                            <span 
class="hidden md:inline">New Purchase</span>\n                        </a>\n                    </div>\n               
 </div>\n            </header>\n\n            <!-- LIST VIEW (LEDGER) -->\n            <div class="space-y-4 
animate-fade-in-up">\n                \n                <!-- Ledger Row -->\n                <div 
onclick="window.location.href=\'/purchases/2/\'"\n                    class="group bg-white rounded-2xl p-5 border 
border-gray-100 hover:border-blue-200 hover:shadow-lg hover:shadow-blue-500/5 transition-all duration-300 
cursor-pointer flex flex-col md:flex-row items-center gap-6">\n\n                    <!-- Date Block -->\n             
       <div\n                        class="flex md:flex-col items-center md:items-start gap-2 md:gap-0 w-full md:w-24 
min-w-[100px]">\n                        <div class="text-xs font-bold text-gray-400 uppercase tracking-widest">{{ 
invoice.date|date:"M\n                            d" }}</div>\n                        <div class="text-sm font-bold 
text-gray-900">2025</div>\n                    </div>\n\n                    <!-- Supplier Info -->\n                  
  <div class="flex-1 w-full text-left">\n                        <h4 class="text-lg font-bold text-gray-900 
group-hover:text-blue-600 transition-colors">{{\n                            invoice.supplier.name }}</h4>\n           
             <div class="flex items-center gap-2 mt-1">\n                            <span\n                           
     class="text-xs font-bold text-gray-400 bg-gray-50 px-2 py-0.5 rounded uppercase tracking-wider">{{\n              
                  invoice.invoice_number }}</span>\n                            \n                        </div>\n     
               </div>\n\n                    <!-- Amount & Actions -->\n                    <div class="flex 
items-center justify-between w-full md:w-auto gap-8">\n                        <div class="text-right">\n              
              <div class="text-xl font-bold text-gray-900">\u20b92,000.00</div>\n                            <!-- 
Status Badge -->\n                            \n                            <div\n                                
class="text-[10px] font-bold text-red-600 uppercase tracking-widest bg-red-50 px-2 py-0.5 rounded inline-block 
mt-1">\n                                Unpaid</div>\n                            \n                        </div>\n\n 
                       <div\n                            class="flex gap-2 opacity-0 group-hover:opacity-100 
transition-opacity translate-x-2 group-hover:translate-x-0 duration-300">\n                            <!-- Eye Icon 
-->\n                            <button\n                                class="p-2 bg-gray-50 hover:bg-blue-50 
text-gray-400 hover:text-blue-600 rounded-xl transition-colors">\n                                <svg class="w-[18px] 
h-[18px]" xmlns="http://www.w3.org/2000/svg" width="24" height="24"\n                                    viewBox="0 0 
24 24" fill="none" stroke="currentColor" stroke-width="2"\n                                    stroke-linecap="round" 
stroke-linejoin="round">\n                                    <path\n                                        d="M2.062 
12.348a1 1 0 0 1 0-.696 10.75 10.75 0 0 1 19.876 0 1 1 0 0 1 0 .696 10.75 10.75 0 0 1-19.876 0" />\n                   
                 <circle cx="12" cy="12" r="3" />\n                                </svg>\n                            
</button>\n                        </div>\n                    </div>\n                </div>\n                \n      
          <!-- Ledger Row -->\n                <div onclick="window.location.href=\'/purchases/1/\'"\n                 
   class="group bg-white rounded-2xl p-5 border border-gray-100 hover:border-blue-200 hover:shadow-lg 
hover:shadow-blue-500/5 transition-all duration-300 cursor-pointer flex flex-col md:flex-row items-center gap-6">\n\n  
                  <!-- Date Block -->\n                    <div\n                        class="flex md:flex-col 
items-center md:items-start gap-2 md:gap-0 w-full md:w-24 min-w-[100px]">\n                        <div class="text-xs 
font-bold text-gray-400 uppercase tracking-widest">{{ invoice.date|date:"M\n                            d" }}</div>\n  
                      <div class="text-sm font-bold text-gray-900">2025</div>\n                    </div>\n\n          
          <!-- Supplier Info -->\n                    <div class="flex-1 w-full text-left">\n                        
<h4 class="text-lg font-bold text-gray-900 group-hover:text-blue-600 transition-colors">{{\n                           
 invoice.supplier.name }}</h4>\n                        <div class="flex items-center gap-2 mt-1">\n                   
         <span\n                                class="text-xs font-bold text-gray-400 bg-gray-50 px-2 py-0.5 rounded 
uppercase tracking-wider">{{\n                                invoice.invoice_number }}</span>\n                       
     \n                        </div>\n                    </div>\n\n                    <!-- Amount & Actions -->\n   
                 <div class="flex items-center justify-between w-full md:w-auto gap-8">\n                        <div 
class="text-right">\n                            <div class="text-xl font-bold text-gray-900">\u20b91,000.00</div>\n   
                         <!-- Status Badge -->\n                            \n                            <div\n       
                         class="text-[10px] font-bold text-red-600 uppercase tracking-widest bg-red-50 px-2 py-0.5 
rounded inline-block mt-1">\n                                Unpaid</div>\n                            \n              
          </div>\n\n                        <div\n                            class="flex gap-2 opacity-0 
group-hover:opacity-100 transition-opacity translate-x-2 group-hover:translate-x-0 duration-300">\n                    
        <!-- Eye Icon -->\n                            <button\n                                class="p-2 bg-gray-50 
hover:bg-blue-50 text-gray-400 hover:text-blue-600 rounded-xl transition-colors">\n                                
<svg class="w-[18px] h-[18px]" xmlns="http://www.w3.org/2000/svg" width="24" height="24"\n                             
       viewBox="0 0 24 24" fill="none" stroke="currentColor" stroke-width="2"\n                                    
stroke-linecap="round" stroke-linejoin="round">\n                                    <path\n                           
             d="M2.062 12.348a1 1 0 0 1 0-.696 10.75 10.75 0 0 1 19.876 0 1 1 0 0 1 0 .696 10.75 10.75 0 0 1-19.876 0" 
/>\n                                    <circle cx="12" cy="12" r="3" />\n                                </svg>\n     
                       </button>\n                        </div>\n                    </div>\n                </div>\n 
               \n\n                <!-- Pagination Controls -->\n                \n            </div>\n\n        
</div>\n    </main>\n\n    <!-- RIGHT PANEL: Contextual Actions -->\n    <aside class="xl:w-[400px] bg-white border-l 
border-gray-100 z-40 relative">\n        <div\n            class="xl:fixed xl:top-0 xl:right-0 xl:w-[400px] h-full 
flex flex-col pt-10 border-l border-gray-100 bg-white">\n\n            <div class="p-8 pb-4 border-b border-gray-50 
hidden xl:block">\n                <h2 class="text-lg font-bold text-gray-900">Monthly Overview</h2>\n                
<p class="text-sm text-gray-400 mt-1">Track your spending.</p>\n            </div>\n\n            <div class="flex-1 
p-8 space-y-8 overflow-y-auto custom-scrollbar">\n\n                <!-- Big Stat Card -->\n                <div\n     
               class="bg-gray-900 text-white rounded-[2rem] p-6 shadow-xl shadow-gray-900/10 relative overflow-hidden 
group">\n                    <div\n                        class="absolute top-0 right-0 w-32 h-32 bg-white/5 
rounded-full -translate-y-1/2 translate-x-1/2 group-hover:scale-110 transition-transform duration-700">\n              
      </div>\n                    <div class="relative z-10">\n                        <div class="text-gray-400 
text-xs font-bold uppercase tracking-widest mb-1">Total Purchases\n                            (This Month)</div>\n    
                    <div class="text-4xl font-bold tracking-tight mb-4">\u20b93,000.00</div>\n                        
<!-- Note: Mocked percentage for now -->\n                        <div\n                            class="flex 
items-center gap-2 text-sm font-medium text-green-400 bg-green-400/10 px-3 py-1.5 rounded-lg w-fit">\n                 
           <svg class="w-4 h-4" xmlns="http://www.w3.org/2000/svg" width="24" height="24"\n                            
    viewBox="0 0 24 24" fill="none" stroke="currentColor" stroke-width="2"\n                                
stroke-linecap="round" stroke-linejoin="round">\n                                <path d="M7 7h10v10" />\n             
                   <path d="M7 17 17 7" />\n                            </svg>\n                            12% vs 
last month\n                        </div>\n                    </div>\n                </div>\n\n                <!-- 
Top Suppliers -->\n                <div class="space-y-4">\n                    <div class="text-xs font-bold 
text-gray-400 uppercase tracking-widest">Top Suppliers</div>\n                    <div class="space-y-3">\n            
            \n                        <div class="flex items-center gap-3">\n                            <div\n        
                        class="w-8 h-8 rounded-full bg-blue-50 text-blue-600 flex items-center justify-center 
font-bold text-xs">\n                                1</div>\n                            <div class="flex-1 text-sm 
font-bold text-gray-700 truncate">Design Test Supplier</div>\n                            <div class="text-sm 
font-medium text-gray-400">\u20b93,000.00\n                            </div>\n                        </div>\n        
                \n                    </div>\n                </div>\n\n            </div>\n\n        </div>\n    
</aside>\n\n</div>\n\n    </main>\n\n</body>\n\n</html>'

----------------------------------------------------------------------
Ran 1 test in 0.107s

FAILED (failures=1)
Destroying test database for alias 'default'...

